// Jest Snapshot v1, https://goo.gl/fbAQLP

exports[`metaflow service postgres snapshot 1`] = `
Array [
  Object {
    "apiVersion": "v1",
    "kind": "ServiceAccount",
    "metadata": Object {
      "labels": Object {
        "app.kubernetes.io/instance": "release-name",
        "app.kubernetes.io/managed-by": "Helm",
        "app.kubernetes.io/name": "metaflow-service",
        "app.kubernetes.io/version": "2.2.4",
        "helm.sh/chart": "metaflow-service-0.2.0",
      },
      "name": "release-name-metaflow-service",
    },
  },
  Object {
    "apiVersion": "v1",
    "kind": "Service",
    "metadata": Object {
      "labels": Object {
        "app.kubernetes.io/instance": "release-name",
        "app.kubernetes.io/managed-by": "Helm",
        "app.kubernetes.io/name": "metaflow-service",
        "app.kubernetes.io/version": "2.2.4",
        "helm.sh/chart": "metaflow-service-0.2.0",
      },
      "name": "release-name-metaflow-service",
    },
    "spec": Object {
      "externalIPs": Array [],
      "ports": Array [
        Object {
          "name": "metadata",
          "port": 8080,
          "protocol": "TCP",
          "targetPort": 8080,
        },
        Object {
          "name": "upgrades",
          "port": 8082,
          "protocol": "TCP",
          "targetPort": 8082,
        },
      ],
      "selector": Object {},
      "type": "ClusterIP",
    },
  },
  Object {
    "apiVersion": "v1",
    "data": Object {
      "postgres-password": "OWJOcllzMm9Cbw==",
    },
    "kind": "Secret",
    "metadata": Object {
      "labels": Object {
        "app.kubernetes.io/instance": "postgresql-10.13.4",
        "app.kubernetes.io/managed-by": "Helm",
        "app.kubernetes.io/name": "postgresql",
        "helm.sh/chart": "postgresql-11.6.21",
      },
      "name": "postgresql-10.13.4",
      "namespace": "default",
    },
    "type": "Opaque",
  },
  Object {
    "apiVersion": "v1",
    "kind": "Service",
    "metadata": Object {
      "labels": Object {
        "app.kubernetes.io/component": "primary",
        "app.kubernetes.io/instance": "postgresql-10.13.4",
        "app.kubernetes.io/managed-by": "Helm",
        "app.kubernetes.io/name": "postgresql",
        "helm.sh/chart": "postgresql-11.6.21",
        "service.alpha.kubernetes.io/tolerate-unready-endpoints": "true",
      },
      "name": "postgresql-10.13.4-hl",
      "namespace": "default",
    },
    "spec": Object {
      "clusterIP": "None",
      "ports": Array [
        Object {
          "name": "tcp-postgresql",
          "port": 5432,
          "targetPort": "tcp-postgresql",
        },
      ],
      "publishNotReadyAddresses": true,
      "selector": Object {
        "app.kubernetes.io/component": "primary",
        "app.kubernetes.io/instance": "postgresql-10.13.4",
        "app.kubernetes.io/name": "postgresql",
      },
      "type": "ClusterIP",
    },
  },
  Object {
    "apiVersion": "v1",
    "kind": "Service",
    "metadata": Object {
      "labels": Object {
        "app.kubernetes.io/component": "primary",
        "app.kubernetes.io/instance": "postgresql-10.13.4",
        "app.kubernetes.io/managed-by": "Helm",
        "app.kubernetes.io/name": "postgresql",
        "helm.sh/chart": "postgresql-11.6.21",
      },
      "name": "postgresql-10.13.4",
      "namespace": "default",
    },
    "spec": Object {
      "ports": Array [
        Object {
          "name": "tcp-postgresql",
          "port": 5432,
          "targetPort": "tcp-postgresql",
        },
      ],
      "selector": Object {
        "app.kubernetes.io/component": "primary",
        "app.kubernetes.io/instance": "postgresql-10.13.4",
        "app.kubernetes.io/name": "postgresql",
      },
      "sessionAffinity": "None",
      "type": "ClusterIP",
    },
  },
  Object {
    "apiVersion": "apps/v1",
    "kind": "StatefulSet",
    "metadata": Object {
      "labels": Object {
        "app.kubernetes.io/component": "primary",
        "app.kubernetes.io/instance": "postgresql-10.13.4",
        "app.kubernetes.io/managed-by": "Helm",
        "app.kubernetes.io/name": "postgresql",
        "helm.sh/chart": "postgresql-11.6.21",
      },
      "name": "postgresql-10.13.4",
      "namespace": "default",
    },
    "spec": Object {
      "replicas": 1,
      "selector": Object {
        "matchLabels": Object {
          "app.kubernetes.io/component": "primary",
          "app.kubernetes.io/instance": "postgresql-10.13.4",
          "app.kubernetes.io/name": "postgresql",
        },
      },
      "serviceName": "postgresql-10.13.4-hl",
      "template": Object {
        "metadata": Object {
          "labels": Object {
            "app.kubernetes.io/component": "primary",
            "app.kubernetes.io/instance": "postgresql-10.13.4",
            "app.kubernetes.io/managed-by": "Helm",
            "app.kubernetes.io/name": "postgresql",
            "helm.sh/chart": "postgresql-11.6.21",
          },
          "name": "postgresql-10.13.4",
        },
        "spec": Object {
          "affinity": Object {
            "podAntiAffinity": Object {
              "preferredDuringSchedulingIgnoredDuringExecution": Array [
                Object {
                  "podAffinityTerm": Object {
                    "labelSelector": Object {
                      "matchLabels": Object {
                        "app.kubernetes.io/component": "primary",
                        "app.kubernetes.io/instance": "postgresql-10.13.4",
                        "app.kubernetes.io/name": "postgresql",
                      },
                    },
                    "namespaces": Array [
                      "default",
                    ],
                    "topologyKey": "kubernetes.io/hostname",
                  },
                  "weight": 1,
                },
              ],
            },
          },
          "containers": Array [
            Object {
              "env": Array [
                Object {
                  "name": "BITNAMI_DEBUG",
                  "value": "false",
                },
                Object {
                  "name": "POSTGRESQL_PORT_NUMBER",
                  "value": "5432",
                },
                Object {
                  "name": "POSTGRESQL_VOLUME_DIR",
                  "value": "/bitnami/postgresql",
                },
                Object {
                  "name": "PGDATA",
                  "value": "/bitnami/postgresql/data",
                },
                Object {
                  "name": "POSTGRES_PASSWORD",
                  "valueFrom": Object {
                    "secretKeyRef": Object {
                      "key": "postgres-password",
                      "name": "postgresql-10.13.4",
                    },
                  },
                },
                Object {
                  "name": "POSTGRESQL_ENABLE_LDAP",
                  "value": "no",
                },
                Object {
                  "name": "POSTGRESQL_ENABLE_TLS",
                  "value": "no",
                },
                Object {
                  "name": "POSTGRESQL_LOG_HOSTNAME",
                  "value": "false",
                },
                Object {
                  "name": "POSTGRESQL_LOG_CONNECTIONS",
                  "value": "false",
                },
                Object {
                  "name": "POSTGRESQL_LOG_DISCONNECTIONS",
                  "value": "false",
                },
                Object {
                  "name": "POSTGRESQL_PGAUDIT_LOG_CATALOG",
                  "value": "off",
                },
                Object {
                  "name": "POSTGRESQL_CLIENT_MIN_MESSAGES",
                  "value": "error",
                },
                Object {
                  "name": "POSTGRESQL_SHARED_PRELOAD_LIBRARIES",
                  "value": "pgaudit",
                },
              ],
              "image": "docker.io/bitnami/postgresql:14.4.0-debian-11-r19",
              "imagePullPolicy": "IfNotPresent",
              "livenessProbe": Object {
                "exec": Object {
                  "command": Array [
                    "/bin/sh",
                    "-c",
                    "exec pg_isready -U \\"postgres\\" -h 127.0.0.1 -p 5432",
                  ],
                },
                "failureThreshold": 6,
                "initialDelaySeconds": 30,
                "periodSeconds": 10,
                "successThreshold": 1,
                "timeoutSeconds": 5,
              },
              "name": "postgresql",
              "ports": Array [
                Object {
                  "containerPort": 5432,
                  "name": "tcp-postgresql",
                },
              ],
              "readinessProbe": Object {
                "exec": Object {
                  "command": Array [
                    "/bin/sh",
                    "-c",
                    "-e",
                    "exec pg_isready -U \\"postgres\\" -h 127.0.0.1 -p 5432
[ -f /opt/bitnami/postgresql/tmp/.initialized ] || [ -f /bitnami/postgresql/.initialized ]
",
                  ],
                },
                "failureThreshold": 6,
                "initialDelaySeconds": 5,
                "periodSeconds": 10,
                "successThreshold": 1,
                "timeoutSeconds": 5,
              },
              "resources": Object {
                "limits": Object {},
                "requests": Object {
                  "cpu": "250m",
                  "memory": "256Mi",
                },
              },
              "securityContext": Object {
                "runAsUser": 1001,
              },
              "volumeMounts": Array [
                Object {
                  "mountPath": "/dev/shm",
                  "name": "dshm",
                },
                Object {
                  "mountPath": "/bitnami/postgresql",
                  "name": "data",
                },
              ],
            },
          ],
          "hostIPC": false,
          "hostNetwork": false,
          "securityContext": Object {
            "fsGroup": 1001,
          },
          "serviceAccountName": "default",
          "volumes": Array [
            Object {
              "emptyDir": Object {
                "medium": "Memory",
              },
              "name": "dshm",
            },
          ],
        },
      },
      "updateStrategy": Object {
        "rollingUpdate": Object {},
        "type": "RollingUpdate",
      },
      "volumeClaimTemplates": Array [
        Object {
          "metadata": Object {
            "name": "data",
          },
          "spec": Object {
            "accessModes": Array [
              "ReadWriteOnce",
            ],
            "resources": Object {
              "requests": Object {
                "storage": "8Gi",
              },
            },
          },
        },
      ],
    },
  },
  Object {
    "apiVersion": "apps/v1",
    "kind": "Deployment",
    "metadata": Object {
      "labels": Object {
        "app.kubernetes.io/instance": "release-name",
        "app.kubernetes.io/managed-by": "Helm",
        "app.kubernetes.io/name": "metaflow-service",
        "app.kubernetes.io/version": "2.2.4",
        "helm.sh/chart": "metaflow-service-0.2.0",
      },
      "name": "release-name-metaflow-service",
    },
    "spec": Object {
      "minReadySeconds": 0,
      "progressDeadlineSeconds": 600,
      "replicas": 1,
      "selector": Object {
        "matchLabels": Object {
          "cdk8s.io/metadata.addr": "construct-metaflow-deployment-c89bf212",
        },
      },
      "strategy": Object {
        "rollingUpdate": Object {
          "maxSurge": "25%",
          "maxUnavailable": "25%",
        },
        "type": "RollingUpdate",
      },
      "template": Object {
        "metadata": Object {
          "labels": Object {
            "cdk8s.io/metadata.addr": "construct-metaflow-deployment-c89bf212",
          },
        },
        "spec": Object {
          "automountServiceAccountToken": true,
          "containers": Array [
            Object {
              "command": Array [
                "/opt/latest/bin/python3",
                "-m",
                "services.metadata_service.server",
              ],
              "env": Array [
                Object {
                  "name": "MF_METADATA_DB_NAME",
                  "value": "metaflow",
                },
                Object {
                  "name": "MF_METADATA_DB_USER",
                  "value": "metaflow",
                },
                Object {
                  "name": "MF_METADATA_DB_PSWD",
                  "value": "metaflow",
                },
                Object {
                  "name": "MF_METADATA_DB_PORT",
                  "value": "5432",
                },
                Object {
                  "name": "MF_METADATA_DB_HOST",
                  "value": "release-name-postgresql",
                },
              ],
              "image": "public.ecr.aws/outerbounds/metaflow_metadata_service:2.2.4",
              "imagePullPolicy": "IfNotPresent",
              "livenessProbe": Object {
                "failureThreshold": 3,
                "httpGet": Object {
                  "path": "/ping",
                  "port": 8080,
                },
              },
              "name": "metaflow-service",
              "ports": Array [
                Object {
                  "containerPort": 8080,
                },
              ],
              "readinessProbe": Object {
                "failureThreshold": 3,
                "httpGet": Object {
                  "path": "/ping",
                  "port": 8080,
                },
              },
              "securityContext": Object {
                "privileged": false,
                "readOnlyRootFilesystem": false,
                "runAsNonRoot": false,
              },
            },
          ],
          "dnsPolicy": "ClusterFirst",
          "initContainers": Array [
            Object {
              "command": Array [
                "/opt/latest/bin/python3",
                "/root/run_goose.py",
                "--only-if-empty-db",
              ],
              "env": Array [
                Object {
                  "name": "MF_METADATA_DB_NAME",
                  "value": "metaflow",
                },
                Object {
                  "name": "MF_METADATA_DB_USER",
                  "value": "metaflow",
                },
                Object {
                  "name": "MF_METADATA_DB_PSWD",
                  "value": "metaflow",
                },
                Object {
                  "name": "MF_METADATA_DB_PORT",
                  "value": "5432",
                },
                Object {
                  "name": "MF_METADATA_DB_HOST",
                  "value": "release-name-postgresql",
                },
              ],
              "image": "public.ecr.aws/outerbounds/metaflow_metadata_service:2.2.4",
              "imagePullPolicy": "Always",
              "name": "db-migrations",
              "securityContext": Object {
                "privileged": false,
                "readOnlyRootFilesystem": false,
                "runAsNonRoot": false,
              },
            },
          ],
          "securityContext": Object {
            "fsGroupChangePolicy": "Always",
            "runAsNonRoot": false,
          },
          "serviceAccountName": "release-name-metaflow-service",
          "setHostnameAsFQDN": false,
        },
      },
    },
  },
  Object {
    "apiVersion": "v1",
    "kind": "Pod",
    "metadata": Object {
      "annotations": Object {
        "helm.sh/hook": "test",
      },
      "labels": Object {
        "app.kubernetes.io/instance": "release-name",
        "app.kubernetes.io/managed-by": "Helm",
        "app.kubernetes.io/name": "metaflow-service",
        "app.kubernetes.io/version": "2.2.4",
        "cdk8s.io/metadata.addr": "construct-metaflow-service-pod-c8290cca",
        "helm.sh/chart": "metaflow-service-0.2.0",
      },
      "name": "release-name-metaflow-service-test-connection",
    },
    "spec": Object {
      "automountServiceAccountToken": true,
      "containers": Array [
        Object {
          "args": Array [
            "release-name-metaflow-service:8080",
          ],
          "command": Array [
            "wget",
          ],
          "image": "busybox",
          "imagePullPolicy": "Always",
          "name": "wget",
          "securityContext": Object {
            "privileged": false,
            "readOnlyRootFilesystem": false,
            "runAsNonRoot": false,
          },
        },
      ],
      "dnsPolicy": "ClusterFirst",
      "restartPolicy": "Never",
      "securityContext": Object {
        "fsGroupChangePolicy": "Always",
        "runAsNonRoot": false,
      },
      "setHostnameAsFQDN": false,
    },
  },
]
`;
