// Jest Snapshot v1, https://goo.gl/fbAQLP

exports[`metaflow service defaults 1`] = `
Array [
  Object {
    "apiVersion": "v1",
    "kind": "ServiceAccount",
    "metadata": Object {
      "labels": Object {
        "app.kubernetes.io/instance": "release-name",
        "app.kubernetes.io/managed-by": "Helm",
        "app.kubernetes.io/name": "metaflow-service",
        "app.kubernetes.io/version": "2.2.4",
        "helm.sh/chart": "metaflow-service-0.2.0",
      },
      "name": "release-name-metaflow-service",
    },
  },
  Object {
    "apiVersion": "v1",
    "kind": "Service",
    "metadata": Object {
      "labels": Object {
        "app.kubernetes.io/instance": "release-name",
        "app.kubernetes.io/managed-by": "Helm",
        "app.kubernetes.io/name": "metaflow-service",
        "app.kubernetes.io/version": "2.2.4",
        "helm.sh/chart": "metaflow-service-0.2.0",
      },
      "name": "release-name-metaflow-service",
    },
    "spec": Object {
      "externalIPs": Array [],
      "ports": Array [
        Object {
          "name": "metadata",
          "port": 8080,
          "protocol": "TCP",
          "targetPort": 8080,
        },
        Object {
          "name": "upgrades",
          "port": 8082,
          "protocol": "TCP",
          "targetPort": 8082,
        },
      ],
      "selector": Object {},
      "type": "ClusterIP",
    },
  },
]
`;
