// Jest Snapshot v1, https://goo.gl/fbAQLP

exports[`metaflow service default snapshot 1`] = `
Array [
  Object {
    "apiVersion": "v1",
    "kind": "ServiceAccount",
    "metadata": Object {
      "labels": Object {
        "app.kubernetes.io/instance": "release-name-metaflow-service",
        "app.kubernetes.io/managed-by": "Helm",
        "app.kubernetes.io/name": "metaflow-service",
        "app.kubernetes.io/version": "2.2.4",
        "helm.sh/chart": "metaflow-service-0.1.2",
      },
      "name": "release-name-metaflow-service",
    },
  },
  Object {
    "apiVersion": "v1",
    "kind": "Service",
    "metadata": Object {
      "labels": Object {
        "app.kubernetes.io/instance": "release-name-metaflow-service",
        "app.kubernetes.io/managed-by": "Helm",
        "app.kubernetes.io/name": "metaflow-service",
        "app.kubernetes.io/version": "2.2.4",
        "helm.sh/chart": "metaflow-service-0.1.2",
      },
      "name": "release-name-metaflow-service",
    },
    "spec": Object {
      "ports": Array [
        Object {
          "name": "metadata",
          "port": 8080,
          "protocol": "TCP",
          "targetPort": 8080,
        },
        Object {
          "name": "upgrades",
          "port": 8082,
          "protocol": "TCP",
          "targetPort": 8082,
        },
      ],
      "selector": Object {
        "app.kubernetes.io/instance": "release-name-metaflow-service",
        "app.kubernetes.io/name": "metaflow-service",
      },
      "type": "ClusterIP",
    },
  },
  Object {
    "apiVersion": "apps/v1",
    "kind": "Deployment",
    "metadata": Object {
      "labels": Object {
        "app.kubernetes.io/instance": "release-name-metaflow-service",
        "app.kubernetes.io/managed-by": "Helm",
        "app.kubernetes.io/name": "metaflow-service",
        "app.kubernetes.io/version": "2.2.4",
        "helm.sh/chart": "metaflow-service-0.1.2",
      },
      "name": "release-name-metaflow-service",
    },
    "spec": Object {
      "replicas": 1,
      "selector": Object {
        "matchLabels": Object {
          "app.kubernetes.io/instance": "release-name-metaflow-service",
          "app.kubernetes.io/name": "metaflow-service",
        },
      },
      "template": Object {
        "metadata": Object {
          "labels": Object {
            "app.kubernetes.io/instance": "release-name-metaflow-service",
            "app.kubernetes.io/name": "metaflow-service",
          },
        },
        "spec": Object {
          "containers": Array [
            Object {
              "command": Array [
                "/opt/latest/bin/python3",
                "-m",
                "services.metadata_service.server",
              ],
              "env": Array [
                Object {
                  "name": "MF_METADATA_DB_NAME",
                  "value": "metaflow",
                },
                Object {
                  "name": "MF_METADATA_DB_PORT",
                  "value": "5432",
                },
                Object {
                  "name": "MF_METADATA_DB_PSWD",
                  "value": "metaflow",
                },
                Object {
                  "name": "MF_METADATA_DB_USER",
                  "value": "metaflow",
                },
                Object {
                  "name": "MF_METADATA_DB_HOST",
                  "value": "release-name-metaflow-service-postgresql",
                },
              ],
              "image": "public.ecr.aws/outerbounds/metaflow_metadata_service:2.2.4",
              "imagePullPolicy": "IfNotPresent",
              "livenessProbe": Object {
                "httpGet": Object {
                  "path": "/ping",
                  "port": "http",
                },
              },
              "name": "metaflow-service",
              "ports": Array [
                Object {
                  "containerPort": 8080,
                  "name": "http",
                  "protocol": "TCP",
                },
              ],
              "readinessProbe": Object {
                "httpGet": Object {
                  "path": "/ping",
                  "port": "http",
                },
              },
              "resources": Object {},
              "securityContext": Object {},
            },
          ],
          "initContainers": Array [
            Object {
              "command": Array [
                "/opt/latest/bin/python3",
                "/root/run_goose.py",
                "--only-if-empty-db",
              ],
              "env": Array [
                Object {
                  "name": "MF_METADATA_DB_NAME",
                  "value": "metaflow",
                },
                Object {
                  "name": "MF_METADATA_DB_PORT",
                  "value": "5432",
                },
                Object {
                  "name": "MF_METADATA_DB_PSWD",
                  "value": "metaflow",
                },
                Object {
                  "name": "MF_METADATA_DB_USER",
                  "value": "metaflow",
                },
                Object {
                  "name": "MF_METADATA_DB_HOST",
                  "value": "release-name-metaflow-service-postgresql",
                },
              ],
              "image": "public.ecr.aws/outerbounds/metaflow_metadata_service:2.2.4",
              "name": "db-migrations",
            },
          ],
          "securityContext": Object {},
          "serviceAccountName": "release-name-metaflow-service",
        },
      },
    },
  },
  Object {
    "apiVersion": "v1",
    "kind": "Pod",
    "metadata": Object {
      "annotations": Object {
        "helm.sh/hook": "test",
      },
      "labels": Object {
        "app.kubernetes.io/instance": "release-name-metaflow-service",
        "app.kubernetes.io/managed-by": "Helm",
        "app.kubernetes.io/name": "metaflow-service",
        "app.kubernetes.io/version": "2.2.4",
        "helm.sh/chart": "metaflow-service-0.1.2",
      },
      "name": "release-name-metaflow-service-test-connection",
    },
    "spec": Object {
      "containers": Array [
        Object {
          "args": Array [
            "release-name-metaflow-service:8080",
          ],
          "command": Array [
            "wget",
          ],
          "image": "busybox",
          "name": "wget",
        },
      ],
      "restartPolicy": "Never",
    },
  },
]
`;
